=basic : The term '=basic' is not recognized as the name of a cmdlet, function, script file, or operable program. Check
 the spelling of the name, or if a path was included, verify that the path is correct and try again.
At line:1 char:1
+ ='basic'; ='120'; ='5'; ='data/continuous_mine.db'; ='outputs_continu ...
+ ~~~~~~~~
    + CategoryInfo          : ObjectNotFound: (=basic:String) [], CommandNotFoundException
    + FullyQualifiedErrorId : CommandNotFoundException
 
=120 : The term '=120' is not recognized as the name of a cmdlet, function, script file, or operable program. Check the
 spelling of the name, or if a path was included, verify that the path is correct and try again.
At line:1 char:11
+ ='basic'; ='120'; ='5'; ='data/continuous_mine.db'; ='outputs_continu ...
+           ~~~~~~
    + CategoryInfo          : ObjectNotFound: (=120:String) [], CommandNotFoundException
    + FullyQualifiedErrorId : CommandNotFoundException
 
=5 : The term '=5' is not recognized as the name of a cmdlet, function, script file, or operable program. Check the spe
lling of the name, or if a path was included, verify that the path is correct and try again.
At line:1 char:19
+ ='basic'; ='120'; ='5'; ='data/continuous_mine.db'; ='outputs_continu ...
+                   ~~~~
    + CategoryInfo          : ObjectNotFound: (=5:String) [], CommandNotFoundException
    + FullyQualifiedErrorId : CommandNotFoundException
 
=data/continuous_mine.db : The term '=data/continuous_mine.db' is not recognized as the name of a cmdlet, function, scr
ipt file, or operable program. Check the spelling of the name, or if a path was included, verify that the path is corre
ct and try again.
At line:1 char:25
+ ='basic'; ='120'; ='5'; ='data/continuous_mine.db'; ='outputs_continu ...
+                         ~~~~~~~~~~~~~~~~~~~~~~~~~~
    + CategoryInfo          : ObjectNotFound: (=data/continuous_mine.db:String) [], CommandNotFoundException
    + FullyQualifiedErrorId : CommandNotFoundException
 
=outputs_continuous : The term '=outputs_continuous' is not recognized as the name of a cmdlet, function, script file, 
or operable program. Check the spelling of the name, or if a path was included, verify that the path is correct and try
 again.
At line:1 char:53
+ ... 120'; ='5'; ='data/continuous_mine.db'; ='outputs_continuous'; ='logs ...
+                                             ~~~~~~~~~~~~~~~~~~~~~
    + CategoryInfo          : ObjectNotFound: (=outputs_continuous:String) [], CommandNotFoundException
    + FullyQualifiedErrorId : CommandNotFoundException
 
=logs : The term '=logs' is not recognized as the name of a cmdlet, function, script file, or operable program. Check t
he spelling of the name, or if a path was included, verify that the path is correct and try again.
At line:1 char:76
+ ... '; ='data/continuous_mine.db'; ='outputs_continuous'; ='logs'; C:\Use ...
+                                                           ~~~~~~~
    + CategoryInfo          : ObjectNotFound: (=logs:String) [], CommandNotFoundException
    + FullyQualifiedErrorId : CommandNotFoundException
 
2026-03-20 01:29:14,809 | INFO | app.pipeline.runner | Starting mining cycle 1/999999
2026-03-20 01:29:14,812 | INFO | app.pipeline.runner | Running generation 1/3
2026-03-20 01:29:15,773 | INFO | app.api.clients | WorldQuant login succeeded using basic auth
2026-03-20 01:30:21,531 | ERROR | app.pipeline.runner | Simulation failed for candidate zscore((ts_delta(close, 5) - ts_decay_linear(ts_delta(volume, 5), 3)))
Traceback (most recent call last):
  File "D:\Code\worldquant\app\pipeline\runner.py", line 116, in _process_candidate
    terminal = self._wait_for_completion(handle.simulation_id)
               ^^^^^^^^^^^^^^^^^^^^^^^^^^^^^^^^^^^^^^^^^^^^^^^
  File "D:\Code\worldquant\app\pipeline\runner.py", line 149, in _wait_for_completion
    raise TimeoutError(f"Simulation {simulation_id} timed out")
TimeoutError: Simulation 4Cqnb2gQz4Al9FM6JxDIvan timed out
2026-03-20 01:30:21,582 | INFO | app.pipeline.runner | Running generation 2/3
2026-03-20 01:30:26,216 | ERROR | app.pipeline.runner | Simulation failed for candidate zscore(group_neutralize((operating_margin - ts_mean(operating_margin, 120)), sector))
Traceback (most recent call last):
  File "D:\Code\worldquant\app\pipeline\runner.py", line 116, in _process_candidate
    terminal = self._wait_for_completion(handle.simulation_id)
               ^^^^^^^^^^^^^^^^^^^^^^^^^^^^^^^^^^^^^^^^^^^^^^^
  File "D:\Code\worldquant\app\pipeline\runner.py", line 147, in _wait_for_completion
    raise RuntimeError(f"Simulation failed with status: {status}")
RuntimeError: Simulation failed with status: error
2026-03-20 01:31:32,511 | ERROR | app.pipeline.runner | Simulation failed for candidate rank(((returns - ts_mean(returns, 40)) / (1 + ts_std_dev(returns, 40))))
Traceback (most recent call last):
  File "D:\Code\worldquant\app\pipeline\runner.py", line 116, in _process_candidate
    terminal = self._wait_for_completion(handle.simulation_id)
               ^^^^^^^^^^^^^^^^^^^^^^^^^^^^^^^^^^^^^^^^^^^^^^^
  File "D:\Code\worldquant\app\pipeline\runner.py", line 149, in _wait_for_completion
    raise TimeoutError(f"Simulation {simulation_id} timed out")
TimeoutError: Simulation 1RHGWEgCj4ItbOk4lS3ToaJ timed out
2026-03-20 01:31:32,512 | INFO | app.pipeline.runner | Running generation 3/3
2026-03-20 01:32:09,299 | ERROR | app.pipeline.runner | Simulation failed for candidate rank(((returns - ts_min(returns, 20)) / (1 + (ts_max(returns, 20) - ts_min(returns, 20)))))
Traceback (most recent call last):
  File "D:\Code\worldquant\app\pipeline\runner.py", line 116, in _process_candidate
    terminal = self._wait_for_completion(handle.simulation_id)
               ^^^^^^^^^^^^^^^^^^^^^^^^^^^^^^^^^^^^^^^^^^^^^^^
  File "D:\Code\worldquant\app\pipeline\runner.py", line 147, in _wait_for_completion
    raise RuntimeError(f"Simulation failed with status: {status}")
RuntimeError: Simulation failed with status: error
2026-03-20 01:32:09,333 | INFO | app.pipeline.runner | Cycle 1 complete: submitted=15.0 complete=0.0 best=0.0 avg_reward=-2.7333
2026-03-20 01:32:14,334 | INFO | app.pipeline.runner | Starting mining cycle 2/999999
2026-03-20 01:32:14,337 | INFO | app.pipeline.runner | Running generation 1/3
2026-03-20 01:32:18,835 | ERROR | app.pipeline.runner | Simulation failed for candidate rank(((low - ts_min(low, 60)) / (1 + (ts_max(low, 60) - ts_min(low, 60)))))
Traceback (most recent call last):
  File "D:\Code\worldquant\app\pipeline\runner.py", line 116, in _process_candidate
    terminal = self._wait_for_completion(handle.simulation_id)
               ^^^^^^^^^^^^^^^^^^^^^^^^^^^^^^^^^^^^^^^^^^^^^^^
  File "D:\Code\worldquant\app\pipeline\runner.py", line 147, in _wait_for_completion
    raise RuntimeError(f"Simulation failed with status: {status}")
RuntimeError: Simulation failed with status: error
2026-03-20 01:33:26,825 | ERROR | app.pipeline.runner | Simulation failed for candidate ts_rank((ts_rank(close, 120) - ts_rank(close, 120)), 120)
Traceback (most recent call last):
  File "D:\Code\worldquant\app\pipeline\runner.py", line 116, in _process_candidate
    terminal = self._wait_for_completion(handle.simulation_id)
               ^^^^^^^^^^^^^^^^^^^^^^^^^^^^^^^^^^^^^^^^^^^^^^^
  File "D:\Code\worldquant\app\pipeline\runner.py", line 149, in _wait_for_completion
    raise TimeoutError(f"Simulation {simulation_id} timed out")
TimeoutError: Simulation 1OseLi3hi59c9BaU1rzzIR2 timed out
2026-03-20 01:34:32,522 | ERROR | app.pipeline.runner | Simulation failed for candidate ts_rank((ts_rank(vwap, 10) - ts_rank(vwap, 120)), 10)
Traceback (most recent call last):
  File "D:\Code\worldquant\app\pipeline\runner.py", line 116, in _process_candidate
    terminal = self._wait_for_completion(handle.simulation_id)
               ^^^^^^^^^^^^^^^^^^^^^^^^^^^^^^^^^^^^^^^^^^^^^^^
  File "D:\Code\worldquant\app\pipeline\runner.py", line 149, in _wait_for_completion
    raise TimeoutError(f"Simulation {simulation_id} timed out")
TimeoutError: Simulation 1qNkaidzw4EWbjX5K1l85zO timed out
2026-03-20 01:34:33,804 | ERROR | app.pipeline.runner | Simulation failed for candidate ts_rank(((close - ts_min(close, 20)) / (1 + (ts_max(close, 20) - ts_min(close, 20)))), 20)
Traceback (most recent call last):
  File "D:\Code\worldquant\app\pipeline\runner.py", line 116, in _process_candidate
    terminal = self._wait_for_completion(handle.simulation_id)
               ^^^^^^^^^^^^^^^^^^^^^^^^^^^^^^^^^^^^^^^^^^^^^^^
  File "D:\Code\worldquant\app\pipeline\runner.py", line 147, in _wait_for_completion
    raise RuntimeError(f"Simulation failed with status: {status}")
RuntimeError: Simulation failed with status: error
2026-03-20 01:34:33,805 | INFO | app.pipeline.runner | Running generation 2/3
2026-03-20 01:34:35,778 | ERROR | app.pipeline.runner | Simulation failed for candidate zscore(((low - ts_min(low, 5)) / (1 + (ts_max(low, 5) - ts_min(low, 5)))))
Traceback (most recent call last):
  File "D:\Code\worldquant\app\pipeline\runner.py", line 116, in _process_candidate
    terminal = self._wait_for_completion(handle.simulation_id)
               ^^^^^^^^^^^^^^^^^^^^^^^^^^^^^^^^^^^^^^^^^^^^^^^
  File "D:\Code\worldquant\app\pipeline\runner.py", line 147, in _wait_for_completion
    raise RuntimeError(f"Simulation failed with status: {status}")
RuntimeError: Simulation failed with status: error
2026-03-20 01:34:35,804 | INFO | app.pipeline.runner | Running generation 3/3
